---
title: brew bean with amounts
test_name: TestSnap_PDS_BrewPermutations/bean_with_amounts
file_name: snapshot_test.go
version: 0.1.0
---
{
  "$type": "social.arabica.alpha.brew",
  "beanRef": "at://<DID>/social.arabica.alpha.bean/<RKEY:bean>",
  "coffeeAmount": 13,
  "createdAt": "<TIMESTAMP>",
  "waterAmount": 200
}