---
title: LikeToRecord/full like
test_name: TestLikeRoundTrip
file_name: records_social_test.go
version: 0.1.0
---
map[string]interface{}{
  "$type": "social.arabica.alpha.like",
  "createdAt": "2026-05-10T12:00:00Z",
  "subject": map[string]interface{}{
    "cid": "bafyreig...",
    "uri": "at://did:plc:author/social.oolong.alpha.tea/tea1",
  },
}
