---
title: RecordToBean/full record
test_name: TestRecordToBean/full_record
file_name: records_test.go
version: 0.1.0
---
&models.Bean{
  RKey: "bean123",
  Name: "Ethiopian Yirgacheffe",
  Origin: "Ethiopia",
  Variety: "",
  RoastLevel: "Light",
  Process: "Washed",
  Description: "Fruity notes",
  RoasterRKey: "",
  Rating: (*int)(nil),
  Closed: false,
  SourceRef: "",
  CreatedAt: time.Time{
    wall: 0x0,
    ext: 63872107200,
    loc: (*time.Location)(nil),
  },
  Roaster: (*models.Roaster)(nil),
}
