---
title: BrewToRecord/matcha full
test_name: TestBrewToRecord_Matcha
file_name: records_brew_test.go
version: 0.1.0
---
map[string]interface{}{
  "$type": "social.oolong.alpha.brew",
  "createdAt": "2026-05-10T12:00:00Z",
  "leafGrams": 20,
  "methodParams": map[string]interface{}{
    "$type": "social.oolong.alpha.brew#matchaParams",
    "preparation": "usucha",
    "sieved": true,
    "waterMl": 70,
    "whiskType": "chasen 80-prong",
  },
  "rating": 9,
  "style": "matcha",
  "tastingNotes": "Umami forward",
  "teaRef": "at://did:plc:test/social.oolong.alpha.tea/t1",
  "temperature": 750,
  "vesselMl": 70,
}
