---
title: brew list with complete data
test_name: TestBrewListContent_Snapshot/brew_list_with_complete_data
file_name: partial_template_snapshot_test.go
version: 0.1.0
---
<div class="overflow-x-auto bg-gradient-to-br from-brown-100 to-brown-200 rounded-xl shadow-xl border border-brown-300">
  <table class="min-w-full divide-y divide-brown-300">
    <thead class="bg-brown-200/80">
      <tr>
        <th class="px-4 py-3 text-left text-xs font-medium text-brown-900 uppercase tracking-wider">
          Date
        </th>
        <th class="px-4 py-3 text-left text-xs font-medium text-brown-900 uppercase tracking-wider">
          Bean
        </th>
        <th class="px-4 py-3 text-left text-xs font-medium text-brown-900 uppercase tracking-wider">
          Brewer
        </th>
        <th class="px-4 py-3 text-left text-xs font-medium text-brown-900 uppercase tracking-wider">
          Variables
        </th>
        <th class="px-4 py-3 text-left text-xs font-medium text-brown-900 uppercase tracking-wider">
          Notes
        </th>
        <th class="px-4 py-3 text-left text-xs font-medium text-brown-900 uppercase tracking-wider">
          Rating
        </th>
        <th class="px-4 py-3 text-left text-xs font-medium text-brown-900 uppercase tracking-wider">
          Actions
        </th>
      </tr>
    </thead>
    <tbody class="bg-brown-50/60 divide-y divide-brown-200">
      <tr class="hover:bg-brown-100/60 transition-colors">
        <td class="px-4 py-4 whitespace-nowrap text-sm text-brown-900 font-medium align-top">
          <div>
            Jan 15
          </div>
          <div class="text-xs text-brown-600">
            2024
          </div>
        </td>
        <td class="px-4 py-4 text-sm text-brown-900 align-top">
          <div class="font-bold text-brown-900">
            Ethiopian Yirgacheffe
          </div>
          <div class="text-xs text-brown-700 mt-0.5">
            <span class="font-medium">
              Onyx Coffee Lab
            </span>
          </div>
          <div class="text-xs text-brown-600 mt-0.5 flex flex-wrap gap-x-2 gap-y-0.5">
            <span class="inline-flex items-center gap-0.5">
              📍 Ethiopia
            </span>
            <span class="inline-flex items-center gap-0.5">
              🔥 Light
            </span>
            <span class="inline-flex items-center gap-0.5">
              ⚖️ 18g
            </span>
          </div>
        </td>
        <td class="px-4 py-4 text-sm text-brown-900 align-top">
          <div class="font-medium text-brown-900">
            Hario V60
          </div>
        </td>
        <td class="px-4 py-4 text-xs text-brown-700 align-top">
          <div class="space-y-1">
            <div>
              <span class="text-brown-600">
                Grinder:
              </span>
              Comandante C40 (Medium-fine)
            </div>
            <div>
              <span class="text-brown-600">
                Temp:
              </span>
              93.0°C
            </div>
            <div>
              <span class="text-brown-600">
                Pours:
              </span>
            </div>
            <div class="pl-2 text-brown-600">
              • 50g @ 30s
            </div>
            <div class="pl-2 text-brown-600">
              • 100g @ 45s
            </div>
            <div class="pl-2 text-brown-600">
              • 100g @ 1m
            </div>
            <div>
              <span class="text-brown-600">
                Time:
              </span>
              3m
            </div>
          </div>
        </td>
        <td class="px-4 py-4 text-xs text-brown-800 align-top max-w-xs">
          <div class="italic line-clamp-3">
            Bright citrus notes with floral aroma. Clean finish.
          </div>
        </td>
        <td class="px-4 py-4 whitespace-nowrap text-sm text-brown-900 align-top">
          <span class="inline-flex items-center px-2.5 py-0.5 rounded-full text-xs font-medium bg-amber-100 text-amber-900">
            ⭐ 8/10
          </span>
        </td>
        <td class="px-4 py-4 whitespace-nowrap text-sm font-medium space-x-2 align-top">
          <a href="/brews/brew1"
                        class="text-brown-700 hover:text-brown-900 font-medium">
            View
          </a>
          <a href="/brews/brew1/edit"
                        class="text-brown-700 hover:text-brown-900 font-medium">
            Edit
          </a>
          <button hx-delete="/brews/brew1"
                        hx-confirm="Are you sure you want to delete this brew?" hx-target="closest tr"
                        hx-swap="outerHTML swap:1s" class="text-brown-600 hover:text-brown-800 font-medium">
            Delete
          </button>
        </td>
      </tr>
      <tr class="hover:bg-brown-100/60 transition-colors">
        <td class="px-4 py-4 whitespace-nowrap text-sm text-brown-900 font-medium align-top">
          <div>
            Jan 14
          </div>
          <div class="text-xs text-brown-600">
            2024
          </div>
        </td>
        <td class="px-4 py-4 text-sm text-brown-900 align-top">
          <div class="font-bold text-brown-900">
            Colombia
          </div>
          <div class="text-xs text-brown-600 mt-0.5 flex flex-wrap gap-x-2 gap-y-0.5">
            <span class="inline-flex items-center gap-0.5">
              📍 Colombia
            </span>
            <span class="inline-flex items-center gap-0.5">
              🔥 Medium
            </span>
          </div>
        </td>
        <td class="px-4 py-4 text-sm text-brown-900 align-top">
          <div class="font-medium text-brown-900">
            AeroPress
          </div>
        </td>
        <td class="px-4 py-4 text-xs text-brown-700 align-top">
          <div class="space-y-1"></div>
        </td>
        <td class="px-4 py-4 text-xs text-brown-800 align-top max-w-xs">
          <span class="text-brown-400">
            -
          </span>
        </td>
        <td class="px-4 py-4 whitespace-nowrap text-sm text-brown-900 align-top">
          <span class="inline-flex items-center px-2.5 py-0.5 rounded-full text-xs font-medium bg-amber-100 text-amber-900">
            ⭐ 6/10
          </span>
        </td>
        <td class="px-4 py-4 whitespace-nowrap text-sm font-medium space-x-2 align-top">
          <a href="/brews/brew2"
                        class="text-brown-700 hover:text-brown-900 font-medium">
            View
          </a>
          <a href="/brews/brew2/edit"
                        class="text-brown-700 hover:text-brown-900 font-medium">
            Edit
          </a>
          <button hx-delete="/brews/brew2"
                        hx-confirm="Are you sure you want to delete this brew?" hx-target="closest tr"
                        hx-swap="outerHTML swap:1s" class="text-brown-600 hover:text-brown-800 font-medium">
            Delete
          </button>
        </td>
      </tr>
    </tbody>
  </table>
</div>