---
title: brewer item
test_name: TestFeedTemplate_BrewerItem_Snapshot
file_name: feed_template_snapshot_test.go
version: 0.1.0
---
<div class="space-y-4">
  <div class="feed-card">
    <div class="flex items-center gap-3 mb-3">
      <a href="/profile/pourover.fan" class="flex-shrink-0">
        <div class="avatar-placeholder avatar-ring">
          <span class="text-brown-600 text-sm">
            ?
          </span>
        </div>
      </a>
      <div class="flex-1 min-w-0">
        <div class="flex items-center gap-2">
          <a href="/profile/pourover.fan" class="link-bold text-brown-900 truncate">
            Pour Over Fan
          </a>
          <a href="/profile/pourover.fan" class="link text-sm truncate">
            @pourover.fan
          </a>
        </div>
        <span class="text-brown-500 text-sm">
          2 days ago
        </span>
      </div>
    </div>
    <div class="mb-2 text-sm text-brown-700">
      ☕ added a new brewer
    </div>
    <div class="feed-content-box-sm">
      <div class="text-base mb-2">
        <span class="font-bold text-brown-900">
          Kalita Wave 185
        </span>
      </div>
      <div class="text-sm text-brown-800 italic">
        "Flat-bottom dripper with wave filters"
      </div>
    </div>
  </div>
</div>