---
title: empty brew list other profile
test_name: TestBrewListContent_Snapshot/empty_brew_list_other_profile
file_name: partial_template_snapshot_test.go
version: 0.1.0
---
<div class="bg-gradient-to-br from-brown-100 to-brown-200 rounded-xl shadow-xl p-8 text-center border border-brown-300">
  <p class="text-brown-800 text-lg font-medium">
    No brews yet.
  </p>
</div>