---
title: empty brew list own profile
test_name: TestBrewListContent_Snapshot/empty_brew_list_own_profile
file_name: partial_template_snapshot_test.go
version: 0.1.0
---
<div class="bg-gradient-to-br from-brown-100 to-brown-200 rounded-xl shadow-xl p-8 text-center border border-brown-300">
  <p class="text-brown-800 text-lg mb-4 font-medium">
    No brews yet! Start tracking your coffee journey.
  </p>
  <a href="/brews/new"
        class="inline-block bg-gradient-to-r from-brown-700 to-brown-800 text-white py-3 px-6 rounded-lg hover:from-brown-800 hover:to-brown-900 transition-all shadow-lg hover:shadow-xl font-medium">
    Add Your First Brew
  </a>
</div>