---
title: grinder item
test_name: TestFeedTemplate_GrinderItem_Snapshot
file_name: feed_template_snapshot_test.go
version: 0.1.0
---
<div class="space-y-4">
  <div class="feed-card">
    <div class="flex items-center gap-3 mb-3">
      <a href="/profile/gearhead" class="flex-shrink-0">
        <div class="avatar-placeholder avatar-ring">
          <span class="text-brown-600 text-sm">
            ?
          </span>
        </div>
      </a>
      <div class="flex-1 min-w-0">
        <div class="flex items-center gap-2">
          <a href="/profile/gearhead" class="link-bold text-brown-900 truncate">
            Coffee Gear Head
          </a>
          <a href="/profile/gearhead" class="link text-sm truncate">
            @gearhead
          </a>
        </div>
        <span class="text-brown-500 text-sm">
          30 minutes ago
        </span>
      </div>
    </div>
    <div class="mb-2 text-sm text-brown-700">
      ⚙️ added a new grinder
    </div>
    <div class="feed-content-box-sm">
      <div class="text-base mb-2">
        <span class="font-bold text-brown-900">
          Comandante C40
        </span>
      </div>
      <div class="text-sm text-brown-700 space-y-1">
        <div>
          <span class="text-label">
            Type:
          </span>
          Hand
        </div>
        <div>
          <span class="text-label">
            Burr:
          </span>
          Conical
        </div>
        <div class="mt-2 text-brown-800 italic">
          "Excellent for pour over"
        </div>
      </div>
    </div>
  </div>
</div>