---
title: nested values
test_name: TestDict_Snapshot/nested_values
file_name: render_snapshot_test.go
version: 0.1.0
---
map[string]interface{}{
  "bean": map[string]interface{}{
    "name": "Ethiopian",
    "origin": "Yirgacheffe",
  },
  "brew": map[string]interface{}{
    "method": "V60",
    "temp": 93.0,
  },
}
