---
title: profile with special characters
test_name: TestProfileContent_SpecialCharacters_Snapshot
file_name: profile_template_snapshot_test.go
version: 0.1.0
---
<div id="profile-stats-data" 
     data-brews="0" 
     data-beans="1" 
     data-roasters="0" 
     data-grinders="1" 
     data-brewers="0"
     style="display: none;"></div>
<div x-show="activeTab === 'brews'">
  <div class="bg-gradient-to-br from-brown-100 to-brown-200 rounded-xl shadow-xl p-8 text-center border border-brown-300">
    <p class="text-brown-800 text-lg mb-4 font-medium">
      No brews yet! Start tracking your coffee journey.
    </p>
    <a href="/brews/new"
        class="inline-block bg-gradient-to-r from-brown-700 to-brown-800 text-white py-3 px-6 rounded-lg hover:from-brown-800 hover:to-brown-900 transition-all shadow-lg hover:shadow-xl font-medium">
      Add Your First Brew
    </a>
  </div>
</div>
<div x-show="activeTab === 'beans'" x-cloak class="space-y-6">
  <div>
    <h3 class="text-lg font-semibold text-brown-900 mb-3">
      ☕ Coffee Beans
    </h3>
    <div class="overflow-x-auto bg-gradient-to-br from-brown-100 to-brown-200 rounded-xl shadow-xl border border-brown-300">
      <table class="min-w-full divide-y divide-brown-300">
        <thead class="bg-brown-200/80">
          <tr>
            <th class="px-6 py-3 text-left text-xs font-medium text-brown-900 uppercase tracking-wider whitespace-nowrap">
              Name
            </th>
            <th class="px-6 py-3 text-left text-xs font-medium text-brown-900 uppercase tracking-wider whitespace-nowrap">
              ☕ Roaster
            </th>
            <th class="px-6 py-3 text-left text-xs font-medium text-brown-900 uppercase tracking-wider whitespace-nowrap">
              📍 Origin
            </th>
            <th class="px-6 py-3 text-left text-xs font-medium text-brown-900 uppercase tracking-wider whitespace-nowrap">
              🔥 Roast
            </th>
            <th class="px-6 py-3 text-left text-xs font-medium text-brown-900 uppercase tracking-wider whitespace-nowrap">
              🌱 Process
            </th>
            <th class="px-6 py-3 text-left text-xs font-medium text-brown-900 uppercase tracking-wider whitespace-nowrap">
              📝 Description
            </th>
          </tr>
        </thead>
        <tbody class="bg-brown-50/60 divide-y divide-brown-200">
          <tr class="hover:bg-brown-100/60 transition-colors">
            <td class="px-6 py-4 text-sm font-bold text-brown-900">
              Bean with &lt;html&gt; &amp; &#34;quotes&#34;
            </td>
            <td class="px-6 py-4 text-sm text-brown-900">
              <span class="text-brown-400">
                -
              </span>
            </td>
            <td class="px-6 py-4 text-sm text-brown-900">
              Colombia &amp; Peru
            </td>
            <td class="px-6 py-4 text-sm text-brown-900">
              <span class="text-brown-400">
                -
              </span>
            </td>
            <td class="px-6 py-4 text-sm text-brown-900">
              <span class="text-brown-400">
                -
              </span>
            </td>
            <td class="px-6 py-4 text-sm text-brown-700 italic max-w-xs">
              Description with &#39;single&#39; and &#34;double&#34; quotes
            </td>
          </tr>
        </tbody>
      </table>
    </div>
    <div class="mt-3 text-center">
      <button @click="editBean('', '', '', '', '', '', '')" class="inline-flex items-center gap-2 bg-brown-600 text-white px-4 py-2 rounded-lg hover:bg-brown-700 transition-all shadow-md hover:shadow-lg text-sm font-medium">
        <span>
          +
        </span>
        <span>
          Add New Bean
        </span>
      </button>
    </div>
  </div>
</div>
<div x-show="activeTab === 'gear'" x-cloak class="space-y-6">
  <div>
    <h3 class="text-lg font-semibold text-brown-900 mb-3">
      ⚙️ Grinders
    </h3>
    <div class="overflow-x-auto bg-gradient-to-br from-brown-100 to-brown-200 rounded-xl shadow-xl border border-brown-300">
      <table class="min-w-full divide-y divide-brown-300">
        <thead class="bg-brown-200/80">
          <tr>
            <th class="px-6 py-3 text-left text-xs font-medium text-brown-900 uppercase tracking-wider">
              Name
            </th>
            <th class="px-6 py-3 text-left text-xs font-medium text-brown-900 uppercase tracking-wider">
              🔧 Type
            </th>
            <th class="px-6 py-3 text-left text-xs font-medium text-brown-900 uppercase tracking-wider">
              💎 Burrs
            </th>
            <th class="px-6 py-3 text-left text-xs font-medium text-brown-900 uppercase tracking-wider">
              📝 Notes
            </th>
          </tr>
        </thead>
        <tbody class="bg-brown-50/60 divide-y divide-brown-200">
          <tr class="hover:bg-brown-100/60 transition-colors">
            <td class="px-6 py-4 text-sm font-bold text-brown-900">
              Grinder &amp; Co.
            </td>
            <td class="px-6 py-4 text-sm text-brown-900">
              <span class="text-brown-400">
                -
              </span>
            </td>
            <td class="px-6 py-4 text-sm text-brown-900">
              <span class="text-brown-400">
                -
              </span>
            </td>
            <td class="px-6 py-4 text-sm text-brown-700 italic max-w-xs">
              Notes with &lt;script&gt;alert(&#39;xss&#39;)&lt;/script&gt;
            </td>
          </tr>
        </tbody>
      </table>
    </div>
    <div class="mt-3 text-center">
      <button @click="editGrinder('', '', '', '', '')" class="inline-flex items-center gap-2 bg-brown-600 text-white px-4 py-2 rounded-lg hover:bg-brown-700 transition-all shadow-md hover:shadow-lg text-sm font-medium">
        <span>
          +
        </span>
        <span>
          Add New Grinder
        </span>
      </button>
    </div>
  </div>
</div>