---
title: profile with empty beans
test_name: TestProfileContent_BeansTab_Snapshot/profile_with_empty_beans
file_name: profile_template_snapshot_test.go
version: 0.1.0
---
<div id="profile-stats-data" 
     data-brews="0" 
     data-beans="0" 
     data-roasters="0" 
     data-grinders="0" 
     data-brewers="0"
     style="display: none;"></div>
<div x-show="activeTab === 'brews'">
  <div class="bg-gradient-to-br from-brown-100 to-brown-200 rounded-xl shadow-xl p-8 text-center border border-brown-300">
    <p class="text-brown-800 text-lg font-medium">
      No brews yet.
    </p>
  </div>
</div>
<div x-show="activeTab === 'beans'" x-cloak class="space-y-6">
  <div class="bg-gradient-to-br from-brown-100 to-brown-200 rounded-xl shadow-xl p-8 text-center text-brown-800 border border-brown-300">
    <p class="font-medium">
      No beans or roasters yet.
    </p>
  </div>
</div>
<div x-show="activeTab === 'gear'" x-cloak class="space-y-6">
  <div class="bg-gradient-to-br from-brown-100 to-brown-200 rounded-xl shadow-xl p-8 text-center text-brown-800 border border-brown-300">
    <p class="font-medium">
      No gear added yet.
    </p>
  </div>
</div>