---
title: profile with unsafe avatar URL
test_name: TestFeedTemplate_SecurityURLs_Snapshot/profile_with_unsafe_avatar_URL
file_name: feed_template_snapshot_test.go
version: 0.1.0
---
<div class="space-y-4">
  <div class="feed-card">
    <div class="flex items-center gap-3 mb-3">
      <a href="/profile/badavatar" class="flex-shrink-0">
        <div class="avatar-placeholder avatar-ring">
          <span class="text-brown-600 text-sm">
            ?
          </span>
        </div>
      </a>
      <div class="flex-1 min-w-0">
        <div class="flex items-center gap-2">
          <a href="/profile/badavatar" class="link-bold text-brown-900 truncate">
            Bad Avatar
          </a>
          <a href="/profile/badavatar" class="link text-sm truncate">
            @badavatar
          </a>
        </div>
        <span class="text-brown-500 text-sm">
          2 minutes ago
        </span>
      </div>
    </div>
    <div class="mb-2 text-sm text-brown-700">
      🫘 added a new bean
    </div>
    <div class="feed-content-box-sm">
      <div class="text-base mb-2">
        <span class="font-bold text-brown-900">
          Test Bean
        </span>
      </div>
      <div class="text-sm text-brown-700 space-y-1">
        <div>
          <span class="text-label">
            Origin:
          </span>
          Test Origin
        </div>
        <div>
          <span class="text-label">
            Roast:
          </span>
          Medium
        </div>
        <div>
          <span class="text-label">
            Process:
          </span>
          Natural
        </div>
        <div class="mt-2 text-brown-800 italic">
          "Sweet and fruity with notes of blueberry"
        </div>
      </div>
    </div>
  </div>
</div>