---
title: roaster with unsafe website URL
test_name: TestFeedTemplate_SecurityURLs_Snapshot/roaster_with_unsafe_website_URL
file_name: feed_template_snapshot_test.go
version: 0.1.0
---
<div class="space-y-4">
  <div class="feed-card">
    <div class="flex items-center gap-3 mb-3">
      <a href="/profile/hacker" class="flex-shrink-0">
        <div class="avatar-placeholder avatar-ring">
          <span class="text-brown-600 text-sm">
            ?
          </span>
        </div>
      </a>
      <div class="flex-1 min-w-0">
        <div class="flex items-center gap-2">
          <a href="/profile/hacker" class="link-bold text-brown-900 truncate">
            Hacker
          </a>
          <a href="/profile/hacker" class="link text-sm truncate">
            @hacker
          </a>
        </div>
        <span class="text-brown-500 text-sm">
          1 minute ago
        </span>
      </div>
    </div>
    <div class="mb-2 text-sm text-brown-700">
      🏪 added a new roaster
    </div>
    <div class="feed-content-box-sm">
      <div class="text-base mb-2">
        <span class="font-bold text-brown-900">
          Sketchy Roaster
        </span>
      </div>
      <div class="text-sm text-brown-700 space-y-1"></div>
    </div>
  </div>
</div>