---
title: roaster with unsafe website URL
test_name: TestFeedTemplate_SecurityURLs_Snapshot/roaster_with_unsafe_website_URL
file_name: feed_template_snapshot_test.go
version: 0.1.0
---
<div class="space-y-4">
  <div class="bg-gradient-to-br from-brown-50 to-brown-100 rounded-lg shadow-md border border-brown-200 p-4 hover:shadow-lg transition-shadow">
    <div class="flex items-center gap-3 mb-3">
      <a href="/profile/hacker" class="flex-shrink-0">
        <div class="w-10 h-10 rounded-full bg-brown-300 flex items-center justify-center hover:ring-2 hover:ring-brown-600 transition">
          <span class="text-brown-600 text-sm">
            ?
          </span>
        </div>
      </a>
      <div class="flex-1 min-w-0">
        <div class="flex items-center gap-2">
          <a href="/profile/hacker" class="font-medium text-brown-900 truncate hover:text-brown-700 hover:underline">
            Hacker
          </a>
          <a href="/profile/hacker" class="text-brown-600 text-sm truncate hover:text-brown-700 hover:underline">
            @hacker
          </a>
        </div>
        <span class="text-brown-500 text-sm">
          1 minute ago
        </span>
      </div>
    </div>
    <div class="mb-2 text-sm text-brown-700">
      🏪 added a new roaster
    </div>
    <div class="bg-white/60 backdrop-blur rounded-lg p-3 border border-brown-200">
      <div class="text-base mb-2">
        <span class="font-bold text-brown-900">
          Sketchy Roaster
        </span>
      </div>
      <div class="text-sm text-brown-700 space-y-1"></div>
    </div>
  </div>
</div>