---
title: roaster item
test_name: TestFeedTemplate_RoasterItem_Snapshot
file_name: feed_template_snapshot_test.go
version: 0.1.0
---
<div class="space-y-4">
  <div class="feed-card">
    <div class="flex items-center gap-3 mb-3">
      <a href="/profile/roastmaster" class="flex-shrink-0">
        <img src="https://cdn.bsky.app/avatar2.jpg" alt="" class="avatar avatar-ring" />
      </a>
      <div class="flex-1 min-w-0">
        <div class="flex items-center gap-2">
          <a href="/profile/roastmaster" class="link-bold text-brown-900 truncate">
            Roast Master
          </a>
          <a href="/profile/roastmaster" class="link text-sm truncate">
            @roastmaster
          </a>
        </div>
        <span class="text-brown-500 text-sm">
          10 minutes ago
        </span>
      </div>
    </div>
    <div class="mb-2 text-sm text-brown-700">
      🏪 added a new roaster
    </div>
    <div class="feed-content-box-sm">
      <div class="text-base mb-2">
        <span class="font-bold text-brown-900">
          Heart Coffee Roasters
        </span>
      </div>
      <div class="text-sm text-brown-700 space-y-1">
        <div>
          <span class="text-label">
            Location:
          </span>
          Portland, OR
        </div>
        <div>
          <span class="text-label">
            Website:
          </span>
          <a href="https://heartroasters.com" target="_blank" rel="noopener noreferrer" class="text-brown-800 hover:underline">
            https://heartroasters.com
          </a>
        </div>
      </div>
    </div>
  </div>
</div>