---
title: roaster item
test_name: TestFeedTemplate_RoasterItem_Snapshot
file_name: feed_template_snapshot_test.go
version: 0.1.0
---
<div class="space-y-4">
  <div class="bg-gradient-to-br from-brown-50 to-brown-100 rounded-lg shadow-md border border-brown-200 p-4 hover:shadow-lg transition-shadow">
    <div class="flex items-center gap-3 mb-3">
      <a href="/profile/roastmaster" class="flex-shrink-0">
        <img src="https://cdn.bsky.app/avatar2.jpg" alt="" class="w-10 h-10 rounded-full object-cover hover:ring-2 hover:ring-brown-600 transition" />
      </a>
      <div class="flex-1 min-w-0">
        <div class="flex items-center gap-2">
          <a href="/profile/roastmaster" class="font-medium text-brown-900 truncate hover:text-brown-700 hover:underline">
            Roast Master
          </a>
          <a href="/profile/roastmaster" class="text-brown-600 text-sm truncate hover:text-brown-700 hover:underline">
            @roastmaster
          </a>
        </div>
        <span class="text-brown-500 text-sm">
          10 minutes ago
        </span>
      </div>
    </div>
    <div class="mb-2 text-sm text-brown-700">
      🏪 added a new roaster
    </div>
    <div class="bg-white/60 backdrop-blur rounded-lg p-3 border border-brown-200">
      <div class="text-base mb-2">
        <span class="font-bold text-brown-900">
          Heart Coffee Roasters
        </span>
      </div>
      <div class="text-sm text-brown-700 space-y-1">
        <div>
          <span class="text-brown-600">
            Location:
          </span>
          Portland, OR
        </div>
        <div>
          <span class="text-brown-600">
            Website:
          </span>
          <a href="https://heartroasters.com" target="_blank" rel="noopener noreferrer" class="text-brown-800 hover:underline">
            https://heartroasters.com
          </a>
        </div>
      </div>
    </div>
  </div>
</div>